[2026-09-10T14:57:52.210+0000] {local_task_job_runner.py:123} INFO - ::group::Pre task execution logs
[2026-09-10T14:57:52.229+0000] {taskinstance.py:2614} INFO - Dependencies all met for dep_context=non-requeueable deps ti=<TaskInstance: credit_risk_analysis_pipeline.run_dbt_job manual__2026-09-10T14:57:51.229307+00:00 [queued]>
[2026-09-10T14:57:52.237+0000] {taskinstance.py:2614} INFO - Dependencies all met for dep_context=requeueable deps ti=<TaskInstance: credit_risk_analysis_pipeline.run_dbt_job manual__2026-09-10T14:57:51.229307+00:00 [queued]>
[2026-09-10T14:57:52.238+0000] {taskinstance.py:2867} INFO - Starting attempt 1 of 1
[2026-09-10T14:57:52.251+0000] {taskinstance.py:2890} INFO - Executing <Task(DbtCloudRunJobOperator): run_dbt_job> on 2026-09-10 14:57:51.229307+00:00
[2026-09-10T14:57:52.259+0000] {warnings.py:112} WARNING - /home/***/.local/lib/python3.12/site-packages/***/task/task_runner/standard_task_runner.py:70: DeprecationWarning: This process (pid=75) is multi-threaded, use of fork() may lead to deadlocks in the child.
  pid = os.fork()

[2026-09-10T14:57:52.261+0000] {standard_task_runner.py:104} INFO - Running: ['***', 'tasks', 'run', 'credit_risk_analysis_pipeline', 'run_dbt_job', 'manual__2026-09-10T14:57:51.229307+00:00', '--job-id', '16', '--raw', '--subdir', 'DAGS_FOLDER/pipeline.py', '--cfg-path', '/tmp/tmp6qd_t_3e']
[2026-09-10T14:57:52.262+0000] {standard_task_runner.py:72} INFO - Started process 76 to run task
[2026-09-10T14:57:52.262+0000] {standard_task_runner.py:105} INFO - Job 16: Subtask run_dbt_job
[2026-09-10T14:57:52.311+0000] {task_command.py:467} INFO - Running <TaskInstance: credit_risk_analysis_pipeline.run_dbt_job manual__2026-09-10T14:57:51.229307+00:00 [running]> on host 2faf4a51991f
[2026-09-10T14:57:52.387+0000] {taskinstance.py:3134} INFO - Exporting env vars: AIRFLOW_CTX_DAG_OWNER='***' AIRFLOW_CTX_DAG_ID='credit_risk_analysis_pipeline' AIRFLOW_CTX_TASK_ID='run_dbt_job' AIRFLOW_CTX_EXECUTION_DATE='2026-09-10T14:57:51.229307+00:00' AIRFLOW_CTX_TRY_NUMBER='1' AIRFLOW_CTX_DAG_RUN_ID='manual__2026-09-10T14:57:51.229307+00:00'
[2026-09-10T14:57:52.389+0000] {taskinstance.py:732} INFO - ::endgroup::
[2026-09-10T14:57:52.411+0000] {connection.py:277} WARNING - Connection schemes (type: dbt_cloud) shall not contain '_' according to RFC3986.
[2026-09-10T14:57:52.412+0000] {base.py:84} INFO - Retrieving connection 'credit_con'
[2026-09-10T14:57:53.535+0000] {dbt.py:173} INFO - Waiting for job run 70506183738324 to terminate.
[2026-09-10T14:57:53.536+0000] {dbt.py:557} INFO - Getting the status of job run 70506183738324.
[2026-09-10T14:57:54.734+0000] {dbt.py:562} INFO - Current status of job run 70506183738324: STARTING
[2026-09-10T14:58:54.733+0000] {dbt.py:557} INFO - Getting the status of job run 70506183738324.
[2026-09-10T14:58:55.840+0000] {dbt.py:562} INFO - Current status of job run 70506183738324: CANCELLED
[2026-09-10T14:58:55.855+0000] {taskinstance.py:3313} ERROR - Task failed with exception
Traceback (most recent call last):
  File "/home/airflow/.local/lib/python3.12/site-packages/airflow/models/taskinstance.py", line 768, in _execute_task
    result = _execute_callable(context=context, **execute_callable_kwargs)
             ^^^^^^^^^^^^^^^^^^^^^^^^^^^^^^^^^^^^^^^^^^^^^^^^^^^^^^^^^^^^^
  File "/home/airflow/.local/lib/python3.12/site-packages/airflow/models/taskinstance.py", line 734, in _execute_callable
    return ExecutionCallableRunner(
           ^^^^^^^^^^^^^^^^^^^^^^^^
  File "/home/airflow/.local/lib/python3.12/site-packages/airflow/utils/operator_helpers.py", line 252, in run
    return self.func(*args, **kwargs)
           ^^^^^^^^^^^^^^^^^^^^^^^^^^
  File "/home/airflow/.local/lib/python3.12/site-packages/airflow/models/baseoperator.py", line 424, in wrapper
    return func(self, *args, **kwargs)
           ^^^^^^^^^^^^^^^^^^^^^^^^^^^
  File "/home/airflow/.local/lib/python3.12/site-packages/airflow/providers/dbt/cloud/operators/dbt.py", line 184, in execute
    raise DbtCloudJobRunException(f"Job run {self.run_id} has failed or has been cancelled.")
airflow.providers.dbt.cloud.hooks.dbt.DbtCloudJobRunException: Job run 70506183738324 has failed or has been cancelled.
[2026-09-10T14:58:55.860+0000] {taskinstance.py:1226} INFO - Marking task as FAILED. dag_id=credit_risk_analysis_pipeline, task_id=run_dbt_job, run_id=manual__2026-09-10T14:57:51.229307+00:00, execution_date=20260910T145751, start_date=20260910T145752, end_date=20260910T145855
[2026-09-10T14:58:55.890+0000] {taskinstance.py:341} INFO - ::group::Post task execution logs
[2026-09-10T14:58:55.891+0000] {standard_task_runner.py:124} ERROR - Failed to execute job 16 for task run_dbt_job (Job run 70506183738324 has failed or has been cancelled.; 76)
Traceback (most recent call last):
  File "/home/airflow/.local/lib/python3.12/site-packages/airflow/task/task_runner/standard_task_runner.py", line 117, in _start_by_fork
    ret = args.func(args, dag=self.dag)
          ^^^^^^^^^^^^^^^^^^^^^^^^^^^^^
  File "/home/airflow/.local/lib/python3.12/site-packages/airflow/cli/cli_config.py", line 49, in command
    return func(*args, **kwargs)
           ^^^^^^^^^^^^^^^^^^^^^
  File "/home/airflow/.local/lib/python3.12/site-packages/airflow/utils/cli.py", line 116, in wrapper
    return f(*args, **kwargs)
           ^^^^^^^^^^^^^^^^^^
  File "/home/airflow/.local/lib/python3.12/site-packages/airflow/cli/commands/task_command.py", line 483, in task_run
    task_return_code = _run_task_by_selected_method(args, _dag, ti)
                       ^^^^^^^^^^^^^^^^^^^^^^^^^^^^^^^^^^^^^^^^^^^^
  File "/home/airflow/.local/lib/python3.12/site-packages/airflow/cli/commands/task_command.py", line 256, in _run_task_by_selected_method
    return _run_raw_task(args, ti)
           ^^^^^^^^^^^^^^^^^^^^^^^
  File "/home/airflow/.local/lib/python3.12/site-packages/airflow/cli/commands/task_command.py", line 341, in _run_raw_task
    return ti._run_raw_task(
           ^^^^^^^^^^^^^^^^^
  File "/home/airflow/.local/lib/python3.12/site-packages/airflow/utils/session.py", line 97, in wrapper
    return func(*args, session=session, **kwargs)
           ^^^^^^^^^^^^^^^^^^^^^^^^^^^^^^^^^^^^^^
  File "/home/airflow/.local/lib/python3.12/site-packages/airflow/models/taskinstance.py", line 3006, in _run_raw_task
    return _run_raw_task(
           ^^^^^^^^^^^^^^
  File "/home/airflow/.local/lib/python3.12/site-packages/airflow/models/taskinstance.py", line 274, in _run_raw_task
    TaskInstance._execute_task_with_callbacks(
  File "/home/airflow/.local/lib/python3.12/site-packages/airflow/models/taskinstance.py", line 3161, in _execute_task_with_callbacks
    result = self._execute_task(context, task_orig)
             ^^^^^^^^^^^^^^^^^^^^^^^^^^^^^^^^^^^^^^
  File "/home/airflow/.local/lib/python3.12/site-packages/airflow/models/taskinstance.py", line 3185, in _execute_task
    return _execute_task(self, context, task_orig)
           ^^^^^^^^^^^^^^^^^^^^^^^^^^^^^^^^^^^^^^^
  File "/home/airflow/.local/lib/python3.12/site-packages/airflow/models/taskinstance.py", line 768, in _execute_task
    result = _execute_callable(context=context, **execute_callable_kwargs)
             ^^^^^^^^^^^^^^^^^^^^^^^^^^^^^^^^^^^^^^^^^^^^^^^^^^^^^^^^^^^^^
  File "/home/airflow/.local/lib/python3.12/site-packages/airflow/models/taskinstance.py", line 734, in _execute_callable
    return ExecutionCallableRunner(
           ^^^^^^^^^^^^^^^^^^^^^^^^
  File "/home/airflow/.local/lib/python3.12/site-packages/airflow/utils/operator_helpers.py", line 252, in run
    return self.func(*args, **kwargs)
           ^^^^^^^^^^^^^^^^^^^^^^^^^^
  File "/home/airflow/.local/lib/python3.12/site-packages/airflow/models/baseoperator.py", line 424, in wrapper
    return func(self, *args, **kwargs)
           ^^^^^^^^^^^^^^^^^^^^^^^^^^^
  File "/home/airflow/.local/lib/python3.12/site-packages/airflow/providers/dbt/cloud/operators/dbt.py", line 184, in execute
    raise DbtCloudJobRunException(f"Job run {self.run_id} has failed or has been cancelled.")
airflow.providers.dbt.cloud.hooks.dbt.DbtCloudJobRunException: Job run 70506183738324 has failed or has been cancelled.
[2026-09-10T14:58:55.935+0000] {local_task_job_runner.py:266} INFO - Task exited with return code 1
[2026-09-10T14:58:55.954+0000] {taskinstance.py:3901} INFO - 0 downstream tasks scheduled from follow-on schedule check
[2026-09-10T14:58:55.956+0000] {local_task_job_runner.py:245} INFO - ::endgroup::
